The '7-BaseGeometry' module
=============================
Using 'BaseGeometry' class
---------------------------
First import module:
>>> BaseGeometry = __import__('7-base_geometry').BaseGeometry
>>> bg = BaseGeometry()


Test case (no args):
--------------------
>>> bg.integer_validator()
Traceback (most recent call last):
...
TypeError: integer_validator() missing 2 required positional arguments: 'name' and 'value'


Test case (one arg):
-------------------------
>>> bg.integer_validator("name")
Traceback (most recent call last):
...
TypeError: integer_validator() missing 1 required positional argument: 'value'


Test case (valid args):
------------------------
>>> bg.integer_validator("name", 25)


>>> bg.integer_validator("five", 5000)


Test case (invalid args):
--------------------------
>>> bg.integer_validator("int", 0)
Traceback (most recent call last):
...
ValueError: int must be greater than 0

>>> bg.integer_validator("name", -5)
Traceback (most recent call last):
...
ValueError: name must be greater than 0

>>> bg.integer_validator("name", 2.5)
Traceback (most recent call last):
...
TypeError: name must be an integer

>>> bg.integer_validator("str", "Hello")
Traceback (most recent call last):
...
TypeError: str must be an integer
